interactions:
- request:
    body: '{"Tag": "/~4/", "KYCLevel": "LIGHT", "LastName": "Janeway", "Nationality":
      "IS", "Birthday": 790214400, "PersonType": "NATURAL", "CountryOfResidence":
      "US", "FirstName": "K\u00e0thryn", "Email": "janeway@example.org"}'
    headers: {}
    method: POST
    uri: https://api.sandbox.mangopay.com:443/v2.01/liberapay-dev/users/natural
  response:
    body: {string: "{\"Address\":{\"AddressLine1\":null,\"AddressLine2\":null,\"City\":null,\"Region\":null,\"PostalCode\":null,\"Country\":null},\"FirstName\":\"K\xE0thryn\",\"LastName\":\"Janeway\",\"Birthday\":790214400,\"Nationality\":\"IS\",\"CountryOfResidence\":\"US\",\"Occupation\":null,\"IncomeRange\":null,\"ProofOfIdentity\":null,\"ProofOfAddress\":null,\"Capacity\":\"NORMAL\",\"PersonType\":\"NATURAL\",\"Email\":\"janeway@example.org\",\"KYCLevel\":\"LIGHT\",\"Id\":\"29643572\",\"Tag\":\"/~4/\",\"CreationDate\":1500542772}"}
    headers:
      cache-control: [no-cache]
      content-length: ['451']
      content-type: [application/json; charset=utf-8]
      expires: ['-1']
      pragma: [no-cache]
    status: {code: 200, message: OK}
- request:
    body: null
    headers: {}
    method: GET
    uri: https://api.sandbox.mangopay.com:443/v2.01/liberapay-dev/users/29643572/KYC/documents
  response:
    body: {string: !!python/unicode '[]'}
    headers:
      cache-control: [no-cache]
      content-length: ['2']
      content-type: [application/json; charset=utf-8]
      expires: ['-1']
      link: ['<https://api.sandbox.mangopay.com/v2.01/liberapay-dev/users/29643572/KYC/documents?page=1&per_page=10>;
          rel="first",<https://api.sandbox.mangopay.com/v2.01/liberapay-dev/users/29643572/KYC/documents?page=1&per_page=10>;
          rel="last"']
      pragma: [no-cache]
    status: {code: 200, message: OK}
- request:
    body: null
    headers: {}
    method: GET
    uri: https://api.sandbox.mangopay.com:443/v2.01/liberapay-dev/users/29643572
  response:
    body: {string: "{\"Address\":{\"AddressLine1\":null,\"AddressLine2\":null,\"City\":null,\"Region\":null,\"PostalCode\":null,\"Country\":null},\"FirstName\":\"K\xE0thryn\",\"LastName\":\"Janeway\",\"Birthday\":790214400,\"Nationality\":\"IS\",\"CountryOfResidence\":\"US\",\"Occupation\":null,\"IncomeRange\":null,\"ProofOfIdentity\":null,\"ProofOfAddress\":null,\"Capacity\":\"NORMAL\",\"PersonType\":\"NATURAL\",\"Email\":\"janeway@example.org\",\"KYCLevel\":\"LIGHT\",\"Id\":\"29643572\",\"Tag\":\"/~4/\",\"CreationDate\":1500542772}"}
    headers:
      cache-control: [no-cache]
      content-length: ['451']
      content-type: [application/json; charset=utf-8]
      expires: ['-1']
      pragma: [no-cache]
    status: {code: 200, message: OK}
- request:
    body: null
    headers: {}
    method: GET
    uri: https://api.sandbox.mangopay.com:443/v2.01/liberapay-dev/users/29643572/KYC/documents
  response:
    body: {string: !!python/unicode '[]'}
    headers:
      cache-control: [no-cache]
      content-length: ['2']
      content-type: [application/json; charset=utf-8]
      expires: ['-1']
      link: ['<https://api.sandbox.mangopay.com/v2.01/liberapay-dev/users/29643572/KYC/documents?page=1&per_page=10>;
          rel="first",<https://api.sandbox.mangopay.com/v2.01/liberapay-dev/users/29643572/KYC/documents?page=1&per_page=10>;
          rel="last"']
      pragma: [no-cache]
    status: {code: 200, message: OK}
- request:
    body: null
    headers: {}
    method: GET
    uri: https://api.sandbox.mangopay.com:443/v2.01/liberapay-dev/users/29643572
  response:
    body: {string: "{\"Address\":{\"AddressLine1\":null,\"AddressLine2\":null,\"City\":null,\"Region\":null,\"PostalCode\":null,\"Country\":null},\"FirstName\":\"K\xE0thryn\",\"LastName\":\"Janeway\",\"Birthday\":790214400,\"Nationality\":\"IS\",\"CountryOfResidence\":\"US\",\"Occupation\":null,\"IncomeRange\":null,\"ProofOfIdentity\":null,\"ProofOfAddress\":null,\"Capacity\":\"NORMAL\",\"PersonType\":\"NATURAL\",\"Email\":\"janeway@example.org\",\"KYCLevel\":\"LIGHT\",\"Id\":\"29643572\",\"Tag\":\"/~4/\",\"CreationDate\":1500542772}"}
    headers:
      cache-control: [no-cache]
      content-length: ['451']
      content-type: [application/json; charset=utf-8]
      expires: ['-1']
      pragma: [no-cache]
    status: {code: 200, message: OK}
- request:
    body: '{"Tag": "/~4/", "KYCLevel": "LIGHT", "LastName": "Janeway", "Nationality":
      "US", "Birthday": 0, "PersonType": "NATURAL", "CountryOfResidence": "US", "FirstName":
      "Kathryn", "Email": "janeway@example.org"}'
    headers: {}
    method: PUT
    uri: https://api.sandbox.mangopay.com:443/v2.01/liberapay-dev/users/natural/29643572
  response:
    body: {string: !!python/unicode '{"Address":{"AddressLine1":null,"AddressLine2":null,"City":null,"Region":null,"PostalCode":null,"Country":null},"FirstName":"Kathryn","LastName":"Janeway","Birthday":0,"Nationality":"US","CountryOfResidence":"US","Occupation":null,"IncomeRange":null,"ProofOfIdentity":null,"ProofOfAddress":null,"Capacity":"NORMAL","PersonType":"NATURAL","Email":"janeway@example.org","KYCLevel":"LIGHT","Id":"29643572","Tag":"/~4/","CreationDate":1500542772}'}
    headers:
      cache-control: [no-cache]
      content-length: ['442']
      content-type: [application/json; charset=utf-8]
      expires: ['-1']
      pragma: [no-cache]
    status: {code: 200, message: OK}
- request:
    body: null
    headers: {}
    method: GET
    uri: https://api.sandbox.mangopay.com:443/v2.01/liberapay-dev/users/29643572/KYC/documents
  response:
    body: {string: !!python/unicode '[]'}
    headers:
      cache-control: [no-cache]
      content-length: ['2']
      content-type: [application/json; charset=utf-8]
      expires: ['-1']
      link: ['<https://api.sandbox.mangopay.com/v2.01/liberapay-dev/users/29643572/KYC/documents?page=1&per_page=10>;
          rel="first",<https://api.sandbox.mangopay.com/v2.01/liberapay-dev/users/29643572/KYC/documents?page=1&per_page=10>;
          rel="last"']
      pragma: [no-cache]
    status: {code: 200, message: OK}
- request:
    body: '{"Description": "4", "Owners": ["29643572"], "Currency": "EUR"}'
    headers: {}
    method: POST
    uri: https://api.sandbox.mangopay.com:443/v2.01/liberapay-dev/wallets
  response:
    body: {string: !!python/unicode '{"Description":"4","Owners":["29643572"],"Balance":{"Currency":"EUR","Amount":0},"Currency":"EUR","FundsType":"DEFAULT","Id":"29643578","Tag":null,"CreationDate":1500542773}'}
    headers:
      cache-control: [no-cache]
      content-length: ['173']
      content-type: [application/json; charset=utf-8]
      expires: ['-1']
      pragma: [no-cache]
    status: {code: 200, message: OK}
- request:
    body: '{"Currency": "EUR", "UserId": "29643572", "CardType": "CB_VISA_MASTERCARD"}'
    headers: {}
    method: POST
    uri: https://api.sandbox.mangopay.com:443/v2.01/liberapay-dev/cardregistrations
  response:
    body: {string: !!python/unicode '{"Id":"29643579","Tag":null,"CreationDate":1500542773,"UserId":"29643572","AccessKey":"1X0m87dmM2LiwFgxPLBJ","PreregistrationData":"S8HjKhXaPXeNlzbaHMqIvzHbZQ9esrwqVQbdkjz2DjjXD8j1QdAETFCD0LycW-VmS4wCy-yiraxeE65tmxOe8A","RegistrationData":null,"CardId":null,"CardType":"CB_VISA_MASTERCARD","CardRegistrationURL":"https://homologation-webpayment.payline.com/webpayment/getToken","ResultCode":null,"ResultMessage":null,"Currency":"EUR","Status":"CREATED"}'}
    headers:
      cache-control: [no-cache]
      content-length: ['453']
      content-type: [application/json; charset=utf-8]
      expires: ['-1']
      pragma: [no-cache]
    status: {code: 200, message: OK}
- request:
    body: cardNumber=3569990000000132&cardCvx=123&data=S8HjKhXaPXeNlzbaHMqIvzHbZQ9esrwqVQbdkjz2DjjXD8j1QdAETFCD0LycW-VmS4wCy-yiraxeE65tmxOe8A&cardExpirationDate=1234&accessKeyRef=1X0m87dmM2LiwFgxPLBJ
    headers: {}
    method: POST
    uri: https://homologation-webpayment.payline.com:443/webpayment/getToken
  response:
    body: {string: !!python/unicode data=h_vedXouHHyTkPJNolkKQALwSK0xuwADI4xBkoO1oH7RlVqpAmJktAvFAf10t2IXqsKQtfuRoSWlNgw-2SkiKaZzvAggk2kcxKwMSxJ4YKd6eaCEkcPylsYfQxmQLY94CF7FtEXlS1-2Mb9wRcudSQ}
    headers:
      access-control-allow-origin: ['*']
      content-length: ['155']
      content-type: [text/plain; charset=UTF-8]
      keep-alive: ['timeout=15, max=100']
      set-cookie: [JSESSIONID=941427BA068E35BAA89D6F7A4138E85DCB5461C840DAE09D3AD2570024E27546;
          Path=/; Secure; HttpOnly, sessionpers=rd4o00000000000000000000ffffac16e464o8179;
          path=/]
      vary: ['Accept-Encoding,User-Agent']
    status: {code: 200, message: OK}
- request:
    body: '{"UserId": "29643572", "RegistrationData": "data=h_vedXouHHyTkPJNolkKQALwSK0xuwADI4xBkoO1oH7RlVqpAmJktAvFAf10t2IXqsKQtfuRoSWlNgw-2SkiKaZzvAggk2kcxKwMSxJ4YKd6eaCEkcPylsYfQxmQLY94CF7FtEXlS1-2Mb9wRcudSQ",
      "CardRegistrationURL": "https://homologation-webpayment.payline.com/webpayment/getToken",
      "Status": "CREATED", "CardType": "CB_VISA_MASTERCARD", "AccessKey": "1X0m87dmM2LiwFgxPLBJ",
      "Currency": "EUR", "CreationDate": 1500508800, "PreregistrationData": "S8HjKhXaPXeNlzbaHMqIvzHbZQ9esrwqVQbdkjz2DjjXD8j1QdAETFCD0LycW-VmS4wCy-yiraxeE65tmxOe8A"}'
    headers: {}
    method: PUT
    uri: https://api.sandbox.mangopay.com:443/v2.01/liberapay-dev/cardregistrations/29643579
  response:
    body: {string: !!python/unicode '{"Id":"29643579","Tag":null,"CreationDate":1500542773,"UserId":"29643572","AccessKey":"1X0m87dmM2LiwFgxPLBJ","PreregistrationData":"S8HjKhXaPXeNlzbaHMqIvzHbZQ9esrwqVQbdkjz2DjjXD8j1QdAETFCD0LycW-VmS4wCy-yiraxeE65tmxOe8A","RegistrationData":"data=h_vedXouHHyTkPJNolkKQALwSK0xuwADI4xBkoO1oH7RlVqpAmJktAvFAf10t2IXqsKQtfuRoSWlNgw-2SkiKaZzvAggk2kcxKwMSxJ4YKd6eaCEkcPylsYfQxmQLY94CF7FtEXlS1-2Mb9wRcudSQ","CardId":"29643581","CardType":"CB_VISA_MASTERCARD","CardRegistrationURL":"https://homologation-webpayment.payline.com/webpayment/getToken","ResultCode":"000000","ResultMessage":"Success","Currency":"EUR","Status":"VALIDATED"}'}
    headers:
      cache-control: [no-cache]
      content-length: ['623']
      content-type: [application/json; charset=utf-8]
      expires: ['-1']
      pragma: [no-cache]
    status: {code: 200, message: OK}
- request:
    body: '{"Tag": "288788584", "Fees": {"Currency": "EUR", "Amount": 65}, "SecureMode":
      "DEFAULT", "DebitedFunds": {"Currency": "EUR", "Amount": 2065}, "CardId": "29643581",
      "SecureModeReturnURL": "http://127.0.0.1/", "AuthorId": "29643572", "CreditedWalletId":
      "29643578"}'
    headers: {}
    method: POST
    uri: https://api.sandbox.mangopay.com:443/v2.01/liberapay-dev/payins/card/direct
  response:
    body: {string: !!python/unicode '{"Id":"29643584","Tag":"288788584","CreationDate":1500542774,"AuthorId":"29643572","CreditedUserId":"29643572","DebitedFunds":{"Currency":"EUR","Amount":2065},"CreditedFunds":{"Currency":"EUR","Amount":2000},"Fees":{"Currency":"EUR","Amount":65},"Status":"SUCCEEDED","ResultCode":"000000","ResultMessage":"Success","ExecutionDate":1500542775,"Type":"PAYIN","Nature":"REGULAR","CreditedWalletId":"29643578","DebitedWalletId":null,"PaymentType":"CARD","ExecutionType":"DIRECT","SecureMode":"DEFAULT","CardId":"29643581","SecureModeReturnURL":null,"SecureModeRedirectURL":null,"SecureModeNeeded":false,"StatementDescriptor":null}'}
    headers:
      cache-control: [no-cache]
      content-length: ['626']
      content-type: [application/json; charset=utf-8]
      expires: ['-1']
      pragma: [no-cache]
    status: {code: 200, message: OK}
- request:
    body: null
    headers: {}
    method: GET
    uri: https://api.sandbox.mangopay.com:443/v2.01/liberapay-dev/users/29643572
  response:
    body: {string: !!python/unicode '{"Address":{"AddressLine1":null,"AddressLine2":null,"City":null,"Region":null,"PostalCode":null,"Country":null},"FirstName":"Kathryn","LastName":"Janeway","Birthday":0,"Nationality":"US","CountryOfResidence":"US","Occupation":null,"IncomeRange":null,"ProofOfIdentity":null,"ProofOfAddress":null,"Capacity":"NORMAL","PersonType":"NATURAL","Email":"janeway@example.org","KYCLevel":"LIGHT","Id":"29643572","Tag":"/~4/","CreationDate":1500542772}'}
    headers:
      cache-control: [no-cache]
      content-length: ['442']
      content-type: [application/json; charset=utf-8]
      expires: ['-1']
      pragma: [no-cache]
    status: {code: 200, message: OK}
- request:
    body: '{"LegalRepresentativeBirthday": 0, "Tag": "/~4/", "KYCLevel": "LIGHT",
      "LegalPersonType": "BUSINESS", "LegalRepresentativeLastName": "Janeway", "PersonType":
      "NATURAL", "Name": "Starfleet", "Email": "janeway@example.org", "LegalRepresentativeCountryOfResidence":
      "US", "LegalRepresentativeFirstName": "Kathryn", "LegalRepresentativeNationality":
      "US"}'
    headers: {}
    method: POST
    uri: https://api.sandbox.mangopay.com:443/v2.01/liberapay-dev/users/legal
  response:
    body: {string: !!python/unicode '{"HeadquartersAddress":{"AddressLine1":null,"AddressLine2":null,"City":null,"Region":null,"PostalCode":null,"Country":null},"LegalRepresentativeAddress":{"AddressLine1":null,"AddressLine2":null,"City":null,"Region":null,"PostalCode":null,"Country":null},"Name":"Starfleet","LegalPersonType":"BUSINESS","LegalRepresentativeFirstName":"Kathryn","LegalRepresentativeLastName":"Janeway","LegalRepresentativeEmail":null,"LegalRepresentativeBirthday":0,"LegalRepresentativeNationality":"US","LegalRepresentativeCountryOfResidence":"US","ProofOfRegistration":null,"ShareholderDeclaration":null,"Statute":null,"LegalRepresentativeProofOfIdentity":null,"PersonType":"LEGAL","Email":"janeway@example.org","KYCLevel":"LIGHT","Id":"29643587","Tag":"/~4/","CreationDate":1500542775}'}
    headers:
      cache-control: [no-cache]
      content-length: ['769']
      content-type: [application/json; charset=utf-8]
      expires: ['-1']
      pragma: [no-cache]
    status: {code: 200, message: OK}
- request:
    body: '{"Description": "4", "Owners": ["29643587"], "Currency": "EUR"}'
    headers: {}
    method: POST
    uri: https://api.sandbox.mangopay.com:443/v2.01/liberapay-dev/wallets
  response:
    body: {string: !!python/unicode '{"Description":"4","Owners":["29643587"],"Balance":{"Currency":"EUR","Amount":0},"Currency":"EUR","FundsType":"DEFAULT","Id":"29643588","Tag":null,"CreationDate":1500542776}'}
    headers:
      cache-control: [no-cache]
      content-length: ['173']
      content-type: [application/json; charset=utf-8]
      expires: ['-1']
      pragma: [no-cache]
    status: {code: 200, message: OK}
- request:
    body: '{"Tag": "288788584", "DebitedWalletId": "29643578", "Fees": {"Currency":
      "EUR", "Amount": 0}, "CreditedUserId": "29643587", "DebitedFunds": {"Currency":
      "EUR", "Amount": 2000}, "AuthorId": "29643572", "CreditedWalletId": "29643588"}'
    headers: {}
    method: POST
    uri: https://api.sandbox.mangopay.com:443/v2.01/liberapay-dev/transfers
  response:
    body: {string: !!python/unicode '{"Id":"29643590","Tag":"288788584","CreationDate":1500542776,"AuthorId":"29643572","CreditedUserId":"29643587","DebitedFunds":{"Currency":"EUR","Amount":2000},"CreditedFunds":{"Currency":"EUR","Amount":2000},"Fees":{"Currency":"EUR","Amount":0},"Status":"SUCCEEDED","ResultCode":"000000","ResultMessage":"Success","ExecutionDate":1500542776,"Type":"TRANSFER","Nature":"REGULAR","DebitedWalletId":"29643578","CreditedWalletId":"29643588"}'}
    headers:
      cache-control: [no-cache]
      content-length: ['437']
      content-type: [application/json; charset=utf-8]
      expires: ['-1']
      pragma: [no-cache]
    status: {code: 200, message: OK}
- request:
    body: null
    headers: {}
    method: GET
    uri: https://api.sandbox.mangopay.com:443/v2.01/liberapay-dev/users/29643587/KYC/documents
  response:
    body: {string: !!python/unicode '[]'}
    headers:
      cache-control: [no-cache]
      content-length: ['2']
      content-type: [application/json; charset=utf-8]
      expires: ['-1']
      link: ['<https://api.sandbox.mangopay.com/v2.01/liberapay-dev/users/29643587/KYC/documents?page=1&per_page=10>;
          rel="first",<https://api.sandbox.mangopay.com/v2.01/liberapay-dev/users/29643587/KYC/documents?page=1&per_page=10>;
          rel="last"']
      pragma: [no-cache]
    status: {code: 200, message: OK}
- request:
    body: null
    headers: {}
    method: GET
    uri: https://api.sandbox.mangopay.com:443/v2.01/liberapay-dev/users/29643587
  response:
    body: {string: !!python/unicode '{"HeadquartersAddress":{"AddressLine1":null,"AddressLine2":null,"City":null,"Region":null,"PostalCode":null,"Country":null},"LegalRepresentativeAddress":{"AddressLine1":null,"AddressLine2":null,"City":null,"Region":null,"PostalCode":null,"Country":null},"Name":"Starfleet","LegalPersonType":"BUSINESS","LegalRepresentativeFirstName":"Kathryn","LegalRepresentativeLastName":"Janeway","LegalRepresentativeEmail":null,"LegalRepresentativeBirthday":0,"LegalRepresentativeNationality":"US","LegalRepresentativeCountryOfResidence":"US","ProofOfRegistration":null,"ShareholderDeclaration":null,"Statute":null,"LegalRepresentativeProofOfIdentity":null,"PersonType":"LEGAL","Email":"janeway@example.org","KYCLevel":"LIGHT","Id":"29643587","Tag":"/~4/","CreationDate":1500542775}'}
    headers:
      cache-control: [no-cache]
      content-length: ['769']
      content-type: [application/json; charset=utf-8]
      expires: ['-1']
      pragma: [no-cache]
    status: {code: 200, message: OK}
- request:
    body: '{"LegalPersonType": "ORGANIZATION", "LegalRepresentativeLastName": "Janeway",
      "Name": "Starfleet", "Email": "janeway@example.org", "LegalRepresentativeNationality":
      "US", "KYCLevel": "LIGHT", "PersonType": "LEGAL", "LegalRepresentativeFirstName":
      "Kathryn", "LegalRepresentativeBirthday": 0, "Tag": "/~4/", "LegalRepresentativeCountryOfResidence":
      "US"}'
    headers: {}
    method: PUT
    uri: https://api.sandbox.mangopay.com:443/v2.01/liberapay-dev/users/legal/29643587
  response:
    body: {string: !!python/unicode '{"HeadquartersAddress":{"AddressLine1":null,"AddressLine2":null,"City":null,"Region":null,"PostalCode":null,"Country":null},"LegalRepresentativeAddress":{"AddressLine1":null,"AddressLine2":null,"City":null,"Region":null,"PostalCode":null,"Country":null},"Name":"Starfleet","LegalPersonType":"ORGANIZATION","LegalRepresentativeFirstName":"Kathryn","LegalRepresentativeLastName":"Janeway","LegalRepresentativeEmail":null,"LegalRepresentativeBirthday":0,"LegalRepresentativeNationality":"US","LegalRepresentativeCountryOfResidence":"US","ProofOfRegistration":null,"ShareholderDeclaration":null,"Statute":null,"LegalRepresentativeProofOfIdentity":null,"PersonType":"LEGAL","Email":"janeway@example.org","KYCLevel":"LIGHT","Id":"29643587","Tag":"/~4/","CreationDate":1500542775}'}
    headers:
      cache-control: [no-cache]
      content-length: ['773']
      content-type: [application/json; charset=utf-8]
      expires: ['-1']
      pragma: [no-cache]
    status: {code: 200, message: OK}
- request:
    body: null
    headers: {}
    method: GET
    uri: https://api.sandbox.mangopay.com:443/v2.01/liberapay-dev/users/29643587/KYC/documents
  response:
    body: {string: !!python/unicode '[]'}
    headers:
      cache-control: [no-cache]
      content-length: ['2']
      content-type: [application/json; charset=utf-8]
      expires: ['-1']
      link: ['<https://api.sandbox.mangopay.com/v2.01/liberapay-dev/users/29643587/KYC/documents?page=1&per_page=10>;
          rel="first",<https://api.sandbox.mangopay.com/v2.01/liberapay-dev/users/29643587/KYC/documents?page=1&per_page=10>;
          rel="last"']
      pragma: [no-cache]
    status: {code: 200, message: OK}
version: 1
